apiVersion: v1
kind: Namespace
metadata:
  name: sre
---
apiVersion: v1
kind: Namespace
metadata:
  name: dev
---
apiVersion: v1
kind: ServiceAccount
metadata:
  name: flux
  namespace: sre
---
apiVersion: v1
kind: ServiceAccount
metadata:
  name: flux
  namespace: dev
---
apiVersion: rbac.authorization.k8s.io/v1
kind: RoleBinding
metadata:
  name: flux
  namespace: sre
roleRef:
  apiGroup: rbac.authorization.k8s.io
  kind: ClusterRole
  name: admin
subjects:
- kind: ServiceAccount
  name: flux
  namespace: sre
---
apiVersion: rbac.authorization.k8s.io/v1
kind: RoleBinding
metadata:
  name: flux
  namespace: dev
roleRef:
  apiGroup: rbac.authorization.k8s.io
  kind: ClusterRole
  name: admin
subjects:
- kind: ServiceAccount
  name: flux
  namespace: dev
---
apiVersion: rbac.authorization.k8s.io/v1
kind: ClusterRoleBinding
metadata:
  annotations:
    fluxcd.controlplane.io/reconcile: enabled
  name: flux-sre
roleRef:
  apiGroup: rbac.authorization.k8s.io
  kind: ClusterRole
  name: cluster-admin
subjects:
- kind: ServiceAccount
  name: flux
  namespace: sre
---
