apiVersion: source.toolkit.fluxcd.io/v1beta2
kind: OCIRepository
metadata:
  name: app1
  namespace: apps
spec:
  interval: 10m
  ref:
    semver: '*'
  url: oci://ghcr.io/org/charts/app1
---
apiVersion: helm.toolkit.fluxcd.io/v2
kind: HelmRelease
metadata:
  name: app1
  namespace: apps
spec:
  chartRef:
    kind: OCIRepository
    name: app1
  interval: 1h
  releaseName: app1
---
